111.164.42.1 - - [15/Jul/2019:04:16:08 +0000] "GET / HTTP/1.1" 200 15 "-" "Mozilla/5.0 (Macintosh; Intel Mac OS X 10_14_5) AppleWebKit/537.36 (KHTML, like Gecko) Chrome/75.0.3770.100 Safari/537.36"
111.164.42.1 - - [15/Jul/2019:04:16:11 +0000] "GET /swagger/ HTTP/1.1" 200 670 "-" "Mozilla/5.0 (Macintosh; Intel Mac OS X 10_14_5) AppleWebKit/537.36 (KHTML, like Gecko) Chrome/75.0.3770.100 Safari/537.36"
111.164.42.1 - - [15/Jul/2019:04:16:14 +0000] "GET /swagger/swagger-ui.css HTTP/1.1" 200 154150 "https://uc.bytelurk.com/swagger/" "Mozilla/5.0 (Macintosh; Intel Mac OS X 10_14_5) AppleWebKit/537.36 (KHTML, like Gecko) Chrome/75.0.3770.100 Safari/537.36"
111.164.42.1 - - [15/Jul/2019:04:16:16 +0000] "GET /swagger/swagger-ui.css.map HTTP/1.1" 200 91 "-" "Mozilla/5.0 (Macintosh; Intel Mac OS X 10_14_5) AppleWebKit/537.36 (KHTML, like Gecko) Chrome/75.0.3770.100 Safari/537.36"
111.164.42.1 - - [15/Jul/2019:04:16:27 +0000] "GET /swagger/swagger-ui-standalone-preset.js HTTP/1.1" 200 337186 "https://uc.bytelurk.com/swagger/" "Mozilla/5.0 (Macintosh; Intel Mac OS X 10_14_5) AppleWebKit/537.36 (KHTML, like Gecko) Chrome/75.0.3770.100 Safari/537.36"
111.164.42.1 - - [15/Jul/2019:04:18:08 +0000] "GET /swagger/swagger-ui-bundle.js HTTP/1.1" 200 1152837 "https://uc.bytelurk.com/swagger/" "Mozilla/5.0 (Macintosh; Intel Mac OS X 10_14_5) AppleWebKit/537.36 (KHTML, like Gecko) Chrome/75.0.3770.100 Safari/537.36"
111.164.42.1 - - [15/Jul/2019:04:18:13 +0000] "GET /swagger/favicon-32x32.png HTTP/1.1" 200 628 "https://uc.bytelurk.com/swagger/" "Mozilla/5.0 (Macintosh; Intel Mac OS X 10_14_5) AppleWebKit/537.36 (KHTML, like Gecko) Chrome/75.0.3770.100 Safari/537.36"
23.22.16.221 - - [15/Jul/2019:04:18:16 +0000] "GET /swaggerjson/doc.json HTTP/1.1" 200 91014 "-" "Apache-HttpClient/4.5.1 (Java/1.8.0_181)"
111.164.42.1 - - [15/Jul/2019:04:18:16 +0000] "GET /swaggerjson/doc.json HTTP/1.1" 200 91019 "https://uc.bytelurk.com/swagger/" "Mozilla/5.0 (Macintosh; Intel Mac OS X 10_14_5) AppleWebKit/537.36 (KHTML, like Gecko) Chrome/75.0.3770.100 Safari/537.36"
111.164.42.1 - - [15/Jul/2019:04:19:42 +0000] "GET /swagger/swagger-ui-standalone-preset.js.map HTTP/1.1" 200 1504867 "-" "Mozilla/5.0 (Macintosh; Intel Mac OS X 10_14_5) AppleWebKit/537.36 (KHTML, like Gecko) Chrome/75.0.3770.100 Safari/537.36"
111.164.42.1 - - [15/Jul/2019:04:22:35 +0000] "GET /swagger/ HTTP/1.1" 200 670 "-" "Mozilla/5.0 (Macintosh; Intel Mac OS X 10_14_5) AppleWebKit/537.36 (KHTML, like Gecko) Chrome/75.0.3770.100 Safari/537.36"
111.164.42.1 - - [15/Jul/2019:04:22:43 +0000] "GET /swagger/swagger-ui.css HTTP/1.1" 200 154150 "https://uc.bytelurk.com/swagger/" "Mozilla/5.0 (Macintosh; Intel Mac OS X 10_14_5) AppleWebKit/537.36 (KHTML, like Gecko) Chrome/75.0.3770.100 Safari/537.36"
111.164.42.1 - - [15/Jul/2019:04:22:45 +0000] "GET /swagger/swagger-ui.css.map HTTP/1.1" 200 91 "-" "Mozilla/5.0 (Macintosh; Intel Mac OS X 10_14_5) AppleWebKit/537.36 (KHTML, like Gecko) Chrome/75.0.3770.100 Safari/537.36"
111.164.42.1 - - [15/Jul/2019:04:23:01 +0000] "GET /swagger/swagger-ui-standalone-preset.js HTTP/1.1" 200 337186 "https://uc.bytelurk.com/swagger/" "Mozilla/5.0 (Macintosh; Intel Mac OS X 10_14_5) AppleWebKit/537.36 (KHTML, like Gecko) Chrome/75.0.3770.100 Safari/537.36"
111.164.42.1 - - [15/Jul/2019:04:23:13 +0000] "GET /swagger/swagger-ui-bundle.js.map HTTP/1.1" 200 3052174 "-" "Mozilla/5.0 (Macintosh; Intel Mac OS X 10_14_5) AppleWebKit/537.36 (KHTML, like Gecko) Chrome/75.0.3770.100 Safari/537.36"
111.164.42.1 - - [15/Jul/2019:04:24:25 +0000] "GET /swagger/swagger-ui-bundle.js HTTP/1.1" 200 1152837 "https://uc.bytelurk.com/swagger/" "Mozilla/5.0 (Macintosh; Intel Mac OS X 10_14_5) AppleWebKit/537.36 (KHTML, like Gecko) Chrome/75.0.3770.100 Safari/537.36"
111.164.42.1 - - [15/Jul/2019:04:24:31 +0000] "GET /swagger/favicon-32x32.png HTTP/1.1" 200 628 "https://uc.bytelurk.com/swagger/" "Mozilla/5.0 (Macintosh; Intel Mac OS X 10_14_5) AppleWebKit/537.36 (KHTML, like Gecko) Chrome/75.0.3770.100 Safari/537.36"
111.164.42.1 - - [15/Jul/2019:04:24:32 +0000] "GET /swaggerjson/doc.json HTTP/1.1" 200 91013 "https://uc.bytelurk.com/swagger/" "Mozilla/5.0 (Macintosh; Intel Mac OS X 10_14_5) AppleWebKit/537.36 (KHTML, like Gecko) Chrome/75.0.3770.100 Safari/537.36"
23.22.16.221 - - [15/Jul/2019:04:24:33 +0000] "GET /swaggerjson/doc.json HTTP/1.1" 200 91014 "-" "Apache-HttpClient/4.5.1 (Java/1.8.0_181)"
111.164.42.1 - - [15/Jul/2019:04:24:46 +0000] "GET /swagger/ HTTP/1.1" 304 0 "-" "Mozilla/5.0 (Macintosh; Intel Mac OS X 10_14_5) AppleWebKit/537.36 (KHTML, like Gecko) Chrome/75.0.3770.100 Safari/537.36"
111.164.42.1 - - [15/Jul/2019:04:24:46 +0000] "GET /swagger/swagger-ui-bundle.js HTTP/1.1" 304 0 "https://uc.bytelurk.com/swagger/" "Mozilla/5.0 (Macintosh; Intel Mac OS X 10_14_5) AppleWebKit/537.36 (KHTML, like Gecko) Chrome/75.0.3770.100 Safari/537.36"
111.164.42.1 - - [15/Jul/2019:04:24:46 +0000] "GET /swagger/swagger-ui.css HTTP/1.1" 304 0 "https://uc.bytelurk.com/swagger/" "Mozilla/5.0 (Macintosh; Intel Mac OS X 10_14_5) AppleWebKit/537.36 (KHTML, like Gecko) Chrome/75.0.3770.100 Safari/537.36"
111.164.42.1 - - [15/Jul/2019:04:24:46 +0000] "GET /swagger/swagger-ui-standalone-preset.js HTTP/1.1" 304 0 "https://uc.bytelurk.com/swagger/" "Mozilla/5.0 (Macintosh; Intel Mac OS X 10_14_5) AppleWebKit/537.36 (KHTML, like Gecko) Chrome/75.0.3770.100 Safari/537.36"
111.164.42.1 - - [15/Jul/2019:04:24:46 +0000] "GET /swagger/swagger-ui.css.map HTTP/1.1" 304 0 "-" "Mozilla/5.0 (Macintosh; Intel Mac OS X 10_14_5) AppleWebKit/537.36 (KHTML, like Gecko) Chrome/75.0.3770.100 Safari/537.36"
23.22.16.221 - - [15/Jul/2019:04:24:48 +0000] "GET /swaggerjson/doc.json HTTP/1.1" 200 91014 "-" "Apache-HttpClient/4.5.1 (Java/1.8.0_181)"
111.164.42.1 - - [15/Jul/2019:04:24:49 +0000] "GET /swaggerjson/doc.json HTTP/1.1" 200 91013 "https://uc.bytelurk.com/swagger/" "Mozilla/5.0 (Macintosh; Intel Mac OS X 10_14_5) AppleWebKit/537.36 (KHTML, like Gecko) Chrome/75.0.3770.100 Safari/537.36"
111.164.42.1 - - [15/Jul/2019:04:24:54 +0000] "GET /swaggerjson/doc.json HTTP/1.1" 200 91019 "https://uc.bytelurk.com/swagger/" "Mozilla/5.0 (Macintosh; Intel Mac OS X 10_14_5) AppleWebKit/537.36 (KHTML, like Gecko) Chrome/75.0.3770.100 Safari/537.36"
111.164.42.1 - - [15/Jul/2019:04:24:58 +0000] "GET /swaggerjson/doc.json HTTP/1.1" 200 91019 "-" "Mozilla/5.0 (Macintosh; Intel Mac OS X 10_14_5) AppleWebKit/537.36 (KHTML, like Gecko) Chrome/75.0.3770.100 Safari/537.36"
111.164.42.1 - - [15/Jul/2019:04:25:12 +0000] "GET /swaggerjson/doc.json HTTP/1.1" 200 67035 "-" "Mozilla/5.0 (Macintosh; Intel Mac OS X 10_14_5) AppleWebKit/537.36 (KHTML, like Gecko) Chrome/75.0.3770.100 Safari/537.36"
111.164.42.1 - - [15/Jul/2019:04:25:13 +0000] "GET /swaggerjson/doc.json HTTP/1.1" 200 91013 "-" "Mozilla/5.0 (Macintosh; Intel Mac OS X 10_14_5) AppleWebKit/537.36 (KHTML, like Gecko) Chrome/75.0.3770.100 Safari/537.36"
111.164.42.1 - - [15/Jul/2019:04:25:13 +0000] "GET /swaggerjson/doc.json HTTP/1.1" 200 71132 "-" "Mozilla/5.0 (Macintosh; Intel Mac OS X 10_14_5) AppleWebKit/537.36 (KHTML, like Gecko) Chrome/75.0.3770.100 Safari/537.36"
111.164.42.1 - - [15/Jul/2019:04:25:13 +0000] "GET /swaggerjson/doc.json HTTP/1.1" 200 73955 "-" "Mozilla/5.0 (Macintosh; Intel Mac OS X 10_14_5) AppleWebKit/537.36 (KHTML, like Gecko) Chrome/75.0.3770.100 Safari/537.36"
111.164.42.1 - - [15/Jul/2019:04:25:13 +0000] "GET /swaggerjson/doc.json HTTP/1.1" 200 91020 "-" "Mozilla/5.0 (Macintosh; Intel Mac OS X 10_14_5) AppleWebKit/537.36 (KHTML, like Gecko) Chrome/75.0.3770.100 Safari/537.36"
111.164.42.1 - - [15/Jul/2019:04:25:14 +0000] "GET /swaggerjson/doc.json HTTP/1.1" 200 71131 "-" "Mozilla/5.0 (Macintosh; Intel Mac OS X 10_14_5) AppleWebKit/537.36 (KHTML, like Gecko) Chrome/75.0.3770.100 Safari/537.36"
111.164.42.1 - - [15/Jul/2019:04:25:14 +0000] "GET /swaggerjson/doc.json HTTP/1.1" 200 73571 "-" "Mozilla/5.0 (Macintosh; Intel Mac OS X 10_14_5) AppleWebKit/537.36 (KHTML, like Gecko) Chrome/75.0.3770.100 Safari/537.36"
111.164.42.1 - - [15/Jul/2019:04:25:15 +0000] "GET /swaggerjson/doc.json HTTP/1.1" 200 73571 "-" "Mozilla/5.0 (Macintosh; Intel Mac OS X 10_14_5) AppleWebKit/537.36 (KHTML, like Gecko) Chrome/75.0.3770.100 Safari/537.36"
111.164.42.1 - - [15/Jul/2019:04:25:16 +0000] "GET /swaggerjson/doc.json HTTP/1.1" 200 73572 "-" "Mozilla/5.0 (Macintosh; Intel Mac OS X 10_14_5) AppleWebKit/537.36 (KHTML, like Gecko) Chrome/75.0.3770.100 Safari/537.36"
111.164.42.1 - - [15/Jul/2019:04:25:18 +0000] "GET /swaggerjson/doc.json HTTP/1.1" 200 91013 "-" "Mozilla/5.0 (Macintosh; Intel Mac OS X 10_14_5) AppleWebKit/537.36 (KHTML, like Gecko) Chrome/75.0.3770.100 Safari/537.36"
111.164.42.1 - - [15/Jul/2019:04:26:29 +0000] "GET /swagger/ HTTP/1.1" 304 0 "-" "Mozilla/5.0 (Macintosh; Intel Mac OS X 10_14_5) AppleWebKit/537.36 (KHTML, like Gecko) Chrome/75.0.3770.100 Safari/537.36"
111.164.42.1 - - [15/Jul/2019:04:26:29 +0000] "GET /swagger/swagger-ui.css HTTP/1.1" 304 0 "https://uc.bytelurk.com/swagger/" "Mozilla/5.0 (Macintosh; Intel Mac OS X 10_14_5) AppleWebKit/537.36 (KHTML, like Gecko) Chrome/75.0.3770.100 Safari/537.36"
111.164.42.1 - - [15/Jul/2019:04:26:29 +0000] "GET /swagger/swagger-ui-bundle.js HTTP/1.1" 304 0 "https://uc.bytelurk.com/swagger/" "Mozilla/5.0 (Macintosh; Intel Mac OS X 10_14_5) AppleWebKit/537.36 (KHTML, like Gecko) Chrome/75.0.3770.100 Safari/537.36"
111.164.42.1 - - [15/Jul/2019:04:26:29 +0000] "GET /swagger/swagger-ui-standalone-preset.js HTTP/1.1" 304 0 "https://uc.bytelurk.com/swagger/" "Mozilla/5.0 (Macintosh; Intel Mac OS X 10_14_5) AppleWebKit/537.36 (KHTML, like Gecko) Chrome/75.0.3770.100 Safari/537.36"
111.164.42.1 - - [15/Jul/2019:04:26:29 +0000] "GET /swagger/swagger-ui.css.map HTTP/1.1" 304 0 "-" "Mozilla/5.0 (Macintosh; Intel Mac OS X 10_14_5) AppleWebKit/537.36 (KHTML, like Gecko) Chrome/75.0.3770.100 Safari/537.36"
111.164.42.1 - - [15/Jul/2019:04:26:29 +0000] "GET /swagger/swagger-ui-bundle.js.map HTTP/1.1" 304 0 "-" "Mozilla/5.0 (Macintosh; Intel Mac OS X 10_14_5) AppleWebKit/537.36 (KHTML, like Gecko) Chrome/75.0.3770.100 Safari/537.36"
111.164.42.1 - - [15/Jul/2019:04:26:29 +0000] "GET /swagger/swagger-ui-standalone-preset.js.map HTTP/1.1" 304 0 "-" "Mozilla/5.0 (Macintosh; Intel Mac OS X 10_14_5) AppleWebKit/537.36 (KHTML, like Gecko) Chrome/75.0.3770.100 Safari/537.36"
111.164.42.1 - - [15/Jul/2019:04:26:29 +0000] "GET /swagger/favicon-32x32.png HTTP/1.1" 304 0 "https://uc.bytelurk.com/swagger/" "Mozilla/5.0 (Macintosh; Intel Mac OS X 10_14_5) AppleWebKit/537.36 (KHTML, like Gecko) Chrome/75.0.3770.100 Safari/537.36"
23.22.16.221 - - [15/Jul/2019:04:26:31 +0000] "GET /swaggerjson/doc.json HTTP/1.1" 200 91021 "-" "Apache-HttpClient/4.5.1 (Java/1.8.0_181)"
111.164.42.1 - - [15/Jul/2019:04:26:31 +0000] "GET /swaggerjson/doc.json HTTP/1.1" 200 91026 "https://uc.bytelurk.com/swagger/" "Mozilla/5.0 (Macintosh; Intel Mac OS X 10_14_5) AppleWebKit/537.36 (KHTML, like Gecko) Chrome/75.0.3770.100 Safari/537.36"
111.164.42.1 - - [15/Jul/2019:04:26:45 +0000] "GET /swagger/swagger-ui-bundle.js.map HTTP/1.1" 200 2155790 "-" "Mozilla/5.0 (Macintosh; Intel Mac OS X 10_14_5) AppleWebKit/537.36 (KHTML, like Gecko) Chrome/75.0.3770.100 Safari/537.36"
111.164.42.1 - - [15/Jul/2019:04:26:45 +0000] "GET /swagger/swagger-ui-standalone-preset.js.map HTTP/1.1" 200 1479054 "-" "Mozilla/5.0 (Macintosh; Intel Mac OS X 10_14_5) AppleWebKit/537.36 (KHTML, like Gecko) Chrome/75.0.3770.100 Safari/537.36"
111.164.42.1 - - [15/Jul/2019:05:05:12 +0000] "GET /swagger/ HTTP/1.1" 200 670 "-" "Mozilla/5.0 (Macintosh; Intel Mac OS X 10_14_5) AppleWebKit/537.36 (KHTML, like Gecko) Chrome/75.0.3770.100 Safari/537.36"
111.164.42.1 - - [15/Jul/2019:05:05:19 +0000] "GET /swagger/swagger-ui.css HTTP/1.1" 200 154150 "https://uc.bytelurk.com/swagger/" "Mozilla/5.0 (Macintosh; Intel Mac OS X 10_14_5) AppleWebKit/537.36 (KHTML, like Gecko) Chrome/75.0.3770.100 Safari/537.36"
111.164.42.1 - - [15/Jul/2019:05:05:27 +0000] "GET /swagger/swagger-ui.css.map HTTP/1.1" 200 91 "-" "Mozilla/5.0 (Macintosh; Intel Mac OS X 10_14_5) AppleWebKit/537.36 (KHTML, like Gecko) Chrome/75.0.3770.100 Safari/537.36"
111.164.42.1 - - [15/Jul/2019:05:05:35 +0000] "GET /swagger/swagger-ui-standalone-preset.js HTTP/1.1" 200 337186 "https://uc.bytelurk.com/swagger/" "Mozilla/5.0 (Macintosh; Intel Mac OS X 10_14_5) AppleWebKit/537.36 (KHTML, like Gecko) Chrome/75.0.3770.100 Safari/537.36"
111.164.42.1 - - [15/Jul/2019:05:07:08 +0000] "GET /swagger/swagger-ui-bundle.js HTTP/1.1" 200 1152837 "https://uc.bytelurk.com/swagger/" "Mozilla/5.0 (Macintosh; Intel Mac OS X 10_14_5) AppleWebKit/537.36 (KHTML, like Gecko) Chrome/75.0.3770.100 Safari/537.36"
111.164.42.1 - - [15/Jul/2019:05:07:10 +0000] "GET /swagger/favicon-32x32.png HTTP/1.1" 200 628 "https://uc.bytelurk.com/swagger/" "Mozilla/5.0 (Macintosh; Intel Mac OS X 10_14_5) AppleWebKit/537.36 (KHTML, like Gecko) Chrome/75.0.3770.100 Safari/537.36"
23.22.16.221 - - [15/Jul/2019:05:07:12 +0000] "GET /swaggerjson/doc.json HTTP/1.1" 200 91016 "-" "Apache-HttpClient/4.5.1 (Java/1.8.0_181)"
111.164.42.1 - - [15/Jul/2019:05:07:14 +0000] "GET /swaggerjson/doc.json HTTP/1.1" 200 91014 "https://uc.bytelurk.com/swagger/" "Mozilla/5.0 (Macintosh; Intel Mac OS X 10_14_5) AppleWebKit/537.36 (KHTML, like Gecko) Chrome/75.0.3770.100 Safari/537.36"
111.164.42.1 - - [15/Jul/2019:05:07:25 +0000] "GET /swagger/swagger-ui-bundle.js.map HTTP/1.1" 200 210190 "-" "Mozilla/5.0 (Macintosh; Intel Mac OS X 10_14_5) AppleWebKit/537.36 (KHTML, like Gecko) Chrome/75.0.3770.100 Safari/537.36"
111.164.42.1 - - [15/Jul/2019:05:07:25 +0000] "GET /swagger/swagger-ui-standalone-preset.js.map HTTP/1.1" 200 193934 "-" "Mozilla/5.0 (Macintosh; Intel Mac OS X 10_14_5) AppleWebKit/537.36 (KHTML, like Gecko) Chrome/75.0.3770.100 Safari/537.36"
111.164.42.1 - - [15/Jul/2019:05:14:45 +0000] "GET / HTTP/1.1" 200 15 "-" "Mozilla/5.0 (Macintosh; Intel Mac OS X 10_14_5) AppleWebKit/537.36 (KHTML, like Gecko) Chrome/75.0.3770.100 Safari/537.36"
111.164.42.1 - - [15/Jul/2019:05:15:08 +0000] "GET /swagger/swagger-ui-standalone-preset.js HTTP/1.1" 200 337186 "https://uc.bytelurk.com/swagger/" "Mozilla/5.0 (Macintosh; Intel Mac OS X 10_14_5) AppleWebKit/537.36 (KHTML, like Gecko) Chrome/75.0.3770.100 Safari/537.36"
111.164.42.1 - - [15/Jul/2019:05:15:49 +0000] "GET /swagger/swagger-ui-bundle.js HTTP/1.1" 200 1152837 "https://uc.bytelurk.com/swagger/" "Mozilla/5.0 (Macintosh; Intel Mac OS X 10_14_5) AppleWebKit/537.36 (KHTML, like Gecko) Chrome/75.0.3770.100 Safari/537.36"
111.164.42.1 - - [15/Jul/2019:05:15:55 +0000] "GET /swagger/favicon-32x32.png HTTP/1.1" 200 628 "https://uc.bytelurk.com/swagger/" "Mozilla/5.0 (Macintosh; Intel Mac OS X 10_14_5) AppleWebKit/537.36 (KHTML, like Gecko) Chrome/75.0.3770.100 Safari/537.36"
111.164.42.1 - - [15/Jul/2019:05:15:56 +0000] "GET /swaggerjson/doc.json HTTP/1.1" 200 91014 "https://uc.bytelurk.com/swagger/" "Mozilla/5.0 (Macintosh; Intel Mac OS X 10_14_5) AppleWebKit/537.36 (KHTML, like Gecko) Chrome/75.0.3770.100 Safari/537.36"
23.22.16.221 - - [15/Jul/2019:05:15:57 +0000] "GET /swaggerjson/doc.json HTTP/1.1" 200 91015 "-" "Apache-HttpClient/4.5.1 (Java/1.8.0_181)"
111.164.42.1 - - [15/Jul/2019:05:16:06 +0000] "POST /uc/v1/classify HTTP/1.1" 201 2 "https://uc.bytelurk.com/swagger/" "Mozilla/5.0 (Macintosh; Intel Mac OS X 10_14_5) AppleWebKit/537.36 (KHTML, like Gecko) Chrome/75.0.3770.100 Safari/537.36"
111.164.42.1 - - [15/Jul/2019:05:16:10 +0000] "POST /uc/v1/classify HTTP/1.1" 201 362 "https://uc.bytelurk.com/swagger/" "Mozilla/5.0 (Macintosh; Intel Mac OS X 10_14_5) AppleWebKit/537.36 (KHTML, like Gecko) Chrome/75.0.3770.100 Safari/537.36"
111.164.42.1 - - [15/Jul/2019:05:16:19 +0000] "POST /uc/v1/garbage HTTP/1.1" 201 1211 "https://uc.bytelurk.com/swagger/" "Mozilla/5.0 (Macintosh; Intel Mac OS X 10_14_5) AppleWebKit/537.36 (KHTML, like Gecko) Chrome/75.0.3770.100 Safari/537.36"
111.164.42.1 - - [15/Jul/2019:05:17:44 +0000] "POST /uc/v1/recognize HTTP/1.1" 200 37 "https://uc.bytelurk.com/swagger/" "Mozilla/5.0 (Macintosh; Intel Mac OS X 10_14_5) AppleWebKit/537.36 (KHTML, like Gecko) Chrome/75.0.3770.100 Safari/537.36"
111.164.42.1 - - [15/Jul/2019:05:17:49 +0000] "POST /uc/v1/recognize HTTP/1.1" 200 37 "https://uc.bytelurk.com/swagger/" "Mozilla/5.0 (Macintosh; Intel Mac OS X 10_14_5) AppleWebKit/537.36 (KHTML, like Gecko) Chrome/75.0.3770.100 Safari/537.36"
111.164.42.1 - - [15/Jul/2019:05:17:50 +0000] "POST /uc/v1/recognize HTTP/1.1" 200 37 "https://uc.bytelurk.com/swagger/" "Mozilla/5.0 (Macintosh; Intel Mac OS X 10_14_5) AppleWebKit/537.36 (KHTML, like Gecko) Chrome/75.0.3770.100 Safari/537.36"
111.164.42.1 - - [15/Jul/2019:05:17:59 +0000] "POST /uc/v1/recognize HTTP/1.1" 200 37 "https://uc.bytelurk.com/swagger/" "Mozilla/5.0 (Macintosh; Intel Mac OS X 10_14_5) AppleWebKit/537.36 (KHTML, like Gecko) Chrome/75.0.3770.100 Safari/537.36"
111.164.42.1 - - [15/Jul/2019:05:18:04 +0000] "POST /uc/v1/recognize HTTP/1.1" 200 37 "https://uc.bytelurk.com/swagger/" "Mozilla/5.0 (Macintosh; Intel Mac OS X 10_14_5) AppleWebKit/537.36 (KHTML, like Gecko) Chrome/75.0.3770.100 Safari/537.36"
111.164.42.1 - - [15/Jul/2019:05:35:53 +0000] "GET / HTTP/1.1" 200 15 "-" "Mozilla/5.0 (Macintosh; Intel Mac OS X 10_14_5) AppleWebKit/605.1.15 (KHTML, like Gecko) Version/12.1.1 Safari/605.1.15"
111.164.42.1 - - [15/Jul/2019:05:35:54 +0000] "GET /favicon.ico HTTP/1.1" 404 35 "https://uc.bytelurk.com/" "Mozilla/5.0 (Macintosh; Intel Mac OS X 10_14_5) AppleWebKit/605.1.15 (KHTML, like Gecko) Version/12.1.1 Safari/605.1.15"
111.164.42.1 - - [15/Jul/2019:05:35:57 +0000] "GET / HTTP/1.1" 200 15 "-" "Mozilla/5.0 (Macintosh; Intel Mac OS X 10_14_5) AppleWebKit/605.1.15 (KHTML, like Gecko) Version/12.1.1 Safari/605.1.15"
111.164.42.1 - - [15/Jul/2019:05:35:59 +0000] "GET /swagger/ HTTP/1.1" 200 670 "-" "Mozilla/5.0 (Macintosh; Intel Mac OS X 10_14_5) AppleWebKit/605.1.15 (KHTML, like Gecko) Version/12.1.1 Safari/605.1.15"
111.164.42.1 - - [15/Jul/2019:05:35:59 +0000] "GET /swagger/swagger-ui.css HTTP/1.1" 200 154150 "https://uc.bytelurk.com/swagger/" "Mozilla/5.0 (Macintosh; Intel Mac OS X 10_14_5) AppleWebKit/605.1.15 (KHTML, like Gecko) Version/12.1.1 Safari/605.1.15"
111.164.42.1 - - [15/Jul/2019:05:36:00 +0000] "GET /swagger/swagger-ui-standalone-preset.js HTTP/1.1" 200 337186 "https://uc.bytelurk.com/swagger/" "Mozilla/5.0 (Macintosh; Intel Mac OS X 10_14_5) AppleWebKit/605.1.15 (KHTML, like Gecko) Version/12.1.1 Safari/605.1.15"
111.164.42.1 - - [15/Jul/2019:05:36:01 +0000] "GET /swagger/swagger-ui-bundle.js HTTP/1.1" 200 1152837 "https://uc.bytelurk.com/swagger/" "Mozilla/5.0 (Macintosh; Intel Mac OS X 10_14_5) AppleWebKit/605.1.15 (KHTML, like Gecko) Version/12.1.1 Safari/605.1.15"
111.164.42.1 - - [15/Jul/2019:05:36:02 +0000] "GET /swagger/favicon-32x32.png HTTP/1.1" 200 628 "https://uc.bytelurk.com/swagger/" "Mozilla/5.0 (Macintosh; Intel Mac OS X 10_14_5) AppleWebKit/605.1.15 (KHTML, like Gecko) Version/12.1.1 Safari/605.1.15"
111.164.42.1 - - [15/Jul/2019:05:36:02 +0000] "GET /swagger/favicon-16x16.png HTTP/1.1" 200 665 "https://uc.bytelurk.com/swagger/" "Mozilla/5.0 (Macintosh; Intel Mac OS X 10_14_5) AppleWebKit/605.1.15 (KHTML, like Gecko) Version/12.1.1 Safari/605.1.15"
111.164.42.1 - - [15/Jul/2019:05:36:02 +0000] "GET /swaggerjson/doc.json HTTP/1.1" 200 91022 "https://uc.bytelurk.com/swagger/" "Mozilla/5.0 (Macintosh; Intel Mac OS X 10_14_5) AppleWebKit/605.1.15 (KHTML, like Gecko) Version/12.1.1 Safari/605.1.15"
23.22.16.221 - - [15/Jul/2019:05:36:04 +0000] "GET /swaggerjson/doc.json HTTP/1.1" 200 91023 "-" "Apache-HttpClient/4.5.1 (Java/1.8.0_181)"
23.22.16.221 - - [15/Jul/2019:05:36:06 +0000] "GET /swaggerjson/doc.json HTTP/1.1" 200 91015 "-" "Apache-HttpClient/4.5.1 (Java/1.8.0_181)"
111.164.42.1 - - [15/Jul/2019:05:36:54 +0000] "POST /uc/v1/garbage HTTP/1.1" 201 108 "https://uc.bytelurk.com/swagger/" "Mozilla/5.0 (Macintosh; Intel Mac OS X 10_14_5) AppleWebKit/605.1.15 (KHTML, like Gecko) Version/12.1.1 Safari/605.1.15"
111.164.42.1 - - [15/Jul/2019:05:37:02 +0000] "POST /uc/v1/garbage HTTP/1.1" 201 1211 "https://uc.bytelurk.com/swagger/" "Mozilla/5.0 (Macintosh; Intel Mac OS X 10_14_5) AppleWebKit/605.1.15 (KHTML, like Gecko) Version/12.1.1 Safari/605.1.15"
111.164.42.1 - - [15/Jul/2019:05:37:03 +0000] "POST /uc/v1/recognize HTTP/1.1" 400 0 "https://uc.bytelurk.com/swagger/" "Mozilla/5.0 (Macintosh; Intel Mac OS X 10_14_5) AppleWebKit/605.1.15 (KHTML, like Gecko) Version/12.1.1 Safari/605.1.15"
111.164.42.1 - - [15/Jul/2019:05:37:13 +0000] "GET / HTTP/1.1" 200 15 "-" "Mozilla/5.0 (Macintosh; Intel Mac OS X 10_14_5) AppleWebKit/537.36 (KHTML, like Gecko) Chrome/75.0.3770.100 Safari/537.36"
111.164.42.1 - - [15/Jul/2019:05:37:16 +0000] "GET /swagger/swagger-ui-bundle.js HTTP/1.1" 304 0 "https://uc.bytelurk.com/swagger/" "Mozilla/5.0 (Macintosh; Intel Mac OS X 10_14_5) AppleWebKit/537.36 (KHTML, like Gecko) Chrome/75.0.3770.100 Safari/537.36"
111.164.42.1 - - [15/Jul/2019:05:37:16 +0000] "GET /swagger/swagger-ui-standalone-preset.js HTTP/1.1" 304 0 "https://uc.bytelurk.com/swagger/" "Mozilla/5.0 (Macintosh; Intel Mac OS X 10_14_5) AppleWebKit/537.36 (KHTML, like Gecko) Chrome/75.0.3770.100 Safari/537.36"
111.164.42.1 - - [15/Jul/2019:05:37:17 +0000] "GET /swaggerjson/doc.json HTTP/1.1" 200 91042 "https://uc.bytelurk.com/swagger/" "Mozilla/5.0 (Macintosh; Intel Mac OS X 10_14_5) AppleWebKit/537.36 (KHTML, like Gecko) Chrome/75.0.3770.100 Safari/537.36"
23.22.16.221 - - [15/Jul/2019:05:37:19 +0000] "GET /swaggerjson/doc.json HTTP/1.1" 502 157 "-" "Apache-HttpClient/4.5.1 (Java/1.8.0_181)"
111.164.42.1 - - [15/Jul/2019:05:37:29 +0000] "POST /uc/v1/recognize HTTP/1.1" 201 342 "https://uc.bytelurk.com/swagger/" "Mozilla/5.0 (Macintosh; Intel Mac OS X 10_14_5) AppleWebKit/537.36 (KHTML, like Gecko) Chrome/75.0.3770.100 Safari/537.36"
117.13.3.194 - - [15/Jul/2019:05:39:06 +0000] "GET /swaggerjson/doc.json HTTP/1.1" 200 91023 "https://uc.bytelurk.com/swagger/" "Mozilla/5.0 (Macintosh; Intel Mac OS X 10_13_6) AppleWebKit/537.36 (KHTML, like Gecko) Chrome/75.0.3770.100 Safari/537.36"
23.22.16.221 - - [15/Jul/2019:05:39:09 +0000] "GET /swaggerjson/doc.json HTTP/1.1" 200 91015 "-" "Apache-HttpClient/4.5.1 (Java/1.8.0_181)"
111.164.42.1 - - [15/Jul/2019:05:41:52 +0000] "POST /uc/v1/garbage HTTP/1.1" 201 1200 "https://uc.bytelurk.com/swagger/" "Mozilla/5.0 (Macintosh; Intel Mac OS X 10_14_5) AppleWebKit/537.36 (KHTML, like Gecko) Chrome/75.0.3770.100 Safari/537.36"
117.12.202.236 - - [15/Jul/2019:05:44:46 +0000] "POST /uc/v1/recognize HTTP/1.1" 201 308 "-" "SimpleGarbage/1.0 (iPhone; iOS 11.4; Scale/3.00)"
111.164.42.1 - - [15/Jul/2019:05:47:59 +0000] "POST /uc/v1/classify HTTP/1.1" 201 2 "https://uc.bytelurk.com/swagger/" "Mozilla/5.0 (Macintosh; Intel Mac OS X 10_14_5) AppleWebKit/537.36 (KHTML, like Gecko) Chrome/75.0.3770.100 Safari/537.36"
111.164.42.1 - - [15/Jul/2019:05:48:02 +0000] "POST /uc/v1/classify HTTP/1.1" 201 362 "https://uc.bytelurk.com/swagger/" "Mozilla/5.0 (Macintosh; Intel Mac OS X 10_14_5) AppleWebKit/537.36 (KHTML, like Gecko) Chrome/75.0.3770.100 Safari/537.36"
111.164.42.1 - - [15/Jul/2019:05:50:17 +0000] "POST /uc/v1/recognize HTTP/1.1" 500 34 "https://uc.bytelurk.com/swagger/" "Mozilla/5.0 (Macintosh; Intel Mac OS X 10_14_5) AppleWebKit/537.36 (KHTML, like Gecko) Chrome/75.0.3770.100 Safari/537.36"
117.13.3.194 - - [15/Jul/2019:05:52:25 +0000] "POST /uc/v1/recognize HTTP/1.1" 201 363 "-" "SimpleGarbage/1.0 (iPhone; iOS 11.4; Scale/3.00)"
111.164.42.1 - - [15/Jul/2019:05:53:33 +0000] "POST /uc/v1/recognize HTTP/1.1" 201 367 "-" "PostmanRuntime/7.15.0"
111.164.42.1 - - [15/Jul/2019:05:54:43 +0000] "POST /uc/v1/recognize HTTP/1.1" 201 367 "-" "PostmanRuntime/7.15.0"
111.164.42.1 - - [15/Jul/2019:06:08:57 +0000] "POST /uc/v1/classify HTTP/1.1" 201 362 "https://uc.bytelurk.com/swagger/" "Mozilla/5.0 (Macintosh; Intel Mac OS X 10_14_5) AppleWebKit/537.36 (KHTML, like Gecko) Chrome/75.0.3770.100 Safari/537.36"
111.164.42.1 - - [15/Jul/2019:06:13:09 +0000] "POST /uc/v1/recognize HTTP/1.1" 500 34 "-" "PostmanRuntime/7.15.0"
117.136.54.2 - - [15/Jul/2019:08:06:41 +0000] "POST /uc/v1/recognize HTTP/1.1" 201 475 "-" "SimpleGarbage/1.0 (iPhone; iOS 11.4; Scale/3.00)"
35.201.198.213 - - [15/Jul/2019:08:20:41 +0000] "GET /swagger/ HTTP/1.1" 200 670 "-" "Mozilla/5.0 (Macintosh; Intel Mac OS X 10_14_5) AppleWebKit/537.36 (KHTML, like Gecko) Chrome/75.0.3770.100 Safari/537.36"
35.201.198.213 - - [15/Jul/2019:08:20:41 +0000] "GET /swagger/swagger-ui-bundle.js HTTP/1.1" 200 1152837 "https://uc.bytelurk.com/swagger/" "Mozilla/5.0 (Macintosh; Intel Mac OS X 10_14_5) AppleWebKit/537.36 (KHTML, like Gecko) Chrome/75.0.3770.100 Safari/537.36"
35.201.198.213 - - [15/Jul/2019:08:20:41 +0000] "GET /swagger/swagger-ui-standalone-preset.js HTTP/1.1" 200 337186 "https://uc.bytelurk.com/swagger/" "Mozilla/5.0 (Macintosh; Intel Mac OS X 10_14_5) AppleWebKit/537.36 (KHTML, like Gecko) Chrome/75.0.3770.100 Safari/537.36"
111.164.42.1 - - [15/Jul/2019:08:21:32 +0000] "GET /swagger/ HTTP/1.1" 304 0 "-" "Mozilla/5.0 (Macintosh; Intel Mac OS X 10_14_5) AppleWebKit/537.36 (KHTML, like Gecko) Chrome/75.0.3770.100 Safari/537.36"
111.164.42.1 - - [15/Jul/2019:08:21:32 +0000] "GET /swagger/swagger-ui-standalone-preset.js HTTP/1.1" 206 1 "https://uc.bytelurk.com/swagger/" "Mozilla/5.0 (Macintosh; Intel Mac OS X 10_14_5) AppleWebKit/537.36 (KHTML, like Gecko) Chrome/75.0.3770.100 Safari/537.36"
111.164.42.1 - - [15/Jul/2019:08:21:32 +0000] "GET /swagger/swagger-ui-standalone-preset.js HTTP/1.1" 206 260240 "https://uc.bytelurk.com/swagger/" "Mozilla/5.0 (Macintosh; Intel Mac OS X 10_14_5) AppleWebKit/537.36 (KHTML, like Gecko) Chrome/75.0.3770.100 Safari/537.36"
117.136.54.2 - - [15/Jul/2019:08:21:42 +0000] "POST /uc/v1/recognize HTTP/1.1" 201 475 "-" "SimpleGarbage/1.0 (iPhone; iOS 11.4; Scale/3.00)"
111.164.42.1 - - [15/Jul/2019:08:21:58 +0000] "GET /swaggerjson/doc.json HTTP/1.1" 200 91020 "https://uc.bytelurk.com/swagger/" "Mozilla/5.0 (Macintosh; Intel Mac OS X 10_14_5) AppleWebKit/537.36 (KHTML, like Gecko) Chrome/75.0.3770.100 Safari/537.36"
111.164.42.1 - - [15/Jul/2019:08:21:58 +0000] "GET /swagger/favicon-32x32.png HTTP/1.1" 200 628 "https://uc.bytelurk.com/swagger/" "Mozilla/5.0 (Macintosh; Intel Mac OS X 10_14_5) AppleWebKit/537.36 (KHTML, like Gecko) Chrome/75.0.3770.100 Safari/537.36"
23.22.16.221 - - [15/Jul/2019:08:22:04 +0000] "GET /swaggerjson/doc.json HTTP/1.1" 200 91014 "-" "Apache-HttpClient/4.5.1 (Java/1.8.0_181)"
111.164.42.1 - - [15/Jul/2019:08:25:35 +0000] "GET /swagger/ HTTP/1.1" 304 0 "-" "Mozilla/5.0 (Macintosh; Intel Mac OS X 10_14_5) AppleWebKit/537.36 (KHTML, like Gecko) Chrome/75.0.3770.100 Safari/537.36"
111.164.42.1 - - [15/Jul/2019:08:25:35 +0000] "GET /swagger/swagger-ui-bundle.js HTTP/1.1" 304 0 "https://uc.bytelurk.com/swagger/" "Mozilla/5.0 (Macintosh; Intel Mac OS X 10_14_5) AppleWebKit/537.36 (KHTML, like Gecko) Chrome/75.0.3770.100 Safari/537.36"
111.164.42.1 - - [15/Jul/2019:08:25:36 +0000] "GET /swaggerjson/doc.json HTTP/1.1" 200 91013 "https://uc.bytelurk.com/swagger/" "Mozilla/5.0 (Macintosh; Intel Mac OS X 10_14_5) AppleWebKit/537.36 (KHTML, like Gecko) Chrome/75.0.3770.100 Safari/537.36"
23.22.16.221 - - [15/Jul/2019:08:25:39 +0000] "GET /swaggerjson/doc.json HTTP/1.1" 200 91021 "-" "Apache-HttpClient/4.5.1 (Java/1.8.0_181)"
117.136.54.2 - - [15/Jul/2019:08:25:52 +0000] "POST /uc/v1/recognize HTTP/1.1" 201 457 "-" "SimpleGarbage/1.0 (iPhone; iOS 11.4; Scale/3.00)"
117.136.54.2 - - [15/Jul/2019:08:28:17 +0000] "POST /uc/v1/recognize HTTP/1.1" 201 538 "-" "SimpleGarbage/1.0 (iPhone; iOS 11.4; Scale/3.00)"
117.136.54.2 - - [15/Jul/2019:08:31:20 +0000] "POST /uc/v1/recognize HTTP/1.1" 201 489 "-" "SimpleGarbage/1.0 (iPhone; iOS 11.4; Scale/3.00)"
117.136.54.2 - - [15/Jul/2019:08:37:59 +0000] "POST /uc/v1/classify HTTP/1.1" 400 47 "-" "SimpleGarbage/1.0 (iPhone; iOS 11.4; Scale/3.00)"
117.136.54.2 - - [15/Jul/2019:08:39:23 +0000] "POST /uc/v1/classify HTTP/1.1" 400 47 "-" "SimpleGarbage/1.0 (iPhone; iOS 11.4; Scale/3.00)"
111.164.42.1 - - [15/Jul/2019:08:40:26 +0000] "GET /swagger/ HTTP/1.1" 304 0 "-" "Mozilla/5.0 (Macintosh; Intel Mac OS X 10_14_5) AppleWebKit/537.36 (KHTML, like Gecko) Chrome/75.0.3770.100 Safari/537.36"
111.164.42.1 - - [15/Jul/2019:08:40:26 +0000] "GET /swagger/swagger-ui-bundle.js HTTP/1.1" 304 0 "https://uc.bytelurk.com/swagger/" "Mozilla/5.0 (Macintosh; Intel Mac OS X 10_14_5) AppleWebKit/537.36 (KHTML, like Gecko) Chrome/75.0.3770.100 Safari/537.36"
111.164.42.1 - - [15/Jul/2019:08:40:26 +0000] "GET /swagger/swagger-ui-standalone-preset.js HTTP/1.1" 304 0 "https://uc.bytelurk.com/swagger/" "Mozilla/5.0 (Macintosh; Intel Mac OS X 10_14_5) AppleWebKit/537.36 (KHTML, like Gecko) Chrome/75.0.3770.100 Safari/537.36"
111.164.42.1 - - [15/Jul/2019:08:40:26 +0000] "GET /swagger/favicon-32x32.png HTTP/1.1" 304 0 "https://uc.bytelurk.com/swagger/" "Mozilla/5.0 (Macintosh; Intel Mac OS X 10_14_5) AppleWebKit/537.36 (KHTML, like Gecko) Chrome/75.0.3770.100 Safari/537.36"
111.164.42.1 - - [15/Jul/2019:08:40:26 +0000] "GET /swaggerjson/doc.json HTTP/1.1" 200 91020 "https://uc.bytelurk.com/swagger/" "Mozilla/5.0 (Macintosh; Intel Mac OS X 10_14_5) AppleWebKit/537.36 (KHTML, like Gecko) Chrome/75.0.3770.100 Safari/537.36"
23.22.16.221 - - [15/Jul/2019:08:40:29 +0000] "GET /swaggerjson/doc.json HTTP/1.1" 200 91007 "-" "Apache-HttpClient/4.5.1 (Java/1.8.0_181)"
111.164.42.1 - - [15/Jul/2019:08:45:53 +0000] "GET /swagger/ HTTP/1.1" 304 0 "-" "Mozilla/5.0 (Macintosh; Intel Mac OS X 10_14_5) AppleWebKit/537.36 (KHTML, like Gecko) Chrome/75.0.3770.100 Safari/537.36"
111.164.42.1 - - [15/Jul/2019:08:45:54 +0000] "GET /swaggerjson/doc.json HTTP/1.1" 200 91012 "https://uc.bytelurk.com/swagger/" "Mozilla/5.0 (Macintosh; Intel Mac OS X 10_14_5) AppleWebKit/537.36 (KHTML, like Gecko) Chrome/75.0.3770.100 Safari/537.36"
23.22.16.221 - - [15/Jul/2019:08:45:56 +0000] "GET /swaggerjson/doc.json HTTP/1.1" 200 91014 "-" "Apache-HttpClient/4.5.1 (Java/1.8.0_181)"
117.136.54.2 - - [15/Jul/2019:08:46:48 +0000] "POST /uc/v1/classify HTTP/1.1" 400 47 "-" "SimpleGarbage/1.0 (iPhone; iOS 11.4; Scale/3.00)"
111.164.42.1 - - [15/Jul/2019:08:46:50 +0000] "GET /swagger/ HTTP/1.1" 304 0 "-" "Mozilla/5.0 (Macintosh; Intel Mac OS X 10_14_5) AppleWebKit/537.36 (KHTML, like Gecko) Chrome/75.0.3770.100 Safari/537.36"
111.164.42.1 - - [15/Jul/2019:08:46:51 +0000] "GET /swaggerjson/doc.json HTTP/1.1" 200 91026 "https://uc.bytelurk.com/swagger/" "Mozilla/5.0 (Macintosh; Intel Mac OS X 10_14_5) AppleWebKit/537.36 (KHTML, like Gecko) Chrome/75.0.3770.100 Safari/537.36"
111.164.42.1 - - [15/Jul/2019:08:46:51 +0000] "GET /swagger/favicon-32x32.png HTTP/1.1" 200 628 "https://uc.bytelurk.com/swagger/" "Mozilla/5.0 (Macintosh; Intel Mac OS X 10_14_5) AppleWebKit/537.36 (KHTML, like Gecko) Chrome/75.0.3770.100 Safari/537.36"
23.22.16.221 - - [15/Jul/2019:08:46:53 +0000] "GET /swaggerjson/doc.json HTTP/1.1" 200 91014 "-" "Apache-HttpClient/4.5.1 (Java/1.8.0_181)"
111.164.42.1 - - [15/Jul/2019:08:52:27 +0000] "GET /swagger/ HTTP/1.1" 304 0 "-" "Mozilla/5.0 (Macintosh; Intel Mac OS X 10_14_5) AppleWebKit/537.36 (KHTML, like Gecko) Chrome/75.0.3770.100 Safari/537.36"
111.164.42.1 - - [15/Jul/2019:08:52:27 +0000] "GET /swagger/swagger-ui-bundle.js HTTP/1.1" 304 0 "https://uc.bytelurk.com/swagger/" "Mozilla/5.0 (Macintosh; Intel Mac OS X 10_14_5) AppleWebKit/537.36 (KHTML, like Gecko) Chrome/75.0.3770.100 Safari/537.36"
111.164.42.1 - - [15/Jul/2019:08:52:27 +0000] "GET /swagger/swagger-ui-standalone-preset.js HTTP/1.1" 304 0 "https://uc.bytelurk.com/swagger/" "Mozilla/5.0 (Macintosh; Intel Mac OS X 10_14_5) AppleWebKit/537.36 (KHTML, like Gecko) Chrome/75.0.3770.100 Safari/537.36"
111.164.42.1 - - [15/Jul/2019:08:52:27 +0000] "GET /swagger/favicon-32x32.png HTTP/1.1" 200 628 "https://uc.bytelurk.com/swagger/" "Mozilla/5.0 (Macintosh; Intel Mac OS X 10_14_5) AppleWebKit/537.36 (KHTML, like Gecko) Chrome/75.0.3770.100 Safari/537.36"
111.164.42.1 - - [15/Jul/2019:08:52:28 +0000] "GET /swaggerjson/doc.json HTTP/1.1" 200 91020 "https://uc.bytelurk.com/swagger/" "Mozilla/5.0 (Macintosh; Intel Mac OS X 10_14_5) AppleWebKit/537.36 (KHTML, like Gecko) Chrome/75.0.3770.100 Safari/537.36"
111.164.42.1 - - [15/Jul/2019:08:52:29 +0000] "GET /swagger/ HTTP/1.1" 304 0 "-" "Mozilla/5.0 (Macintosh; Intel Mac OS X 10_14_5) AppleWebKit/537.36 (KHTML, like Gecko) Chrome/75.0.3770.100 Safari/537.36"
111.164.42.1 - - [15/Jul/2019:08:52:29 +0000] "GET /swaggerjson/doc.json HTTP/1.1" 200 91026 "https://uc.bytelurk.com/swagger/" "Mozilla/5.0 (Macintosh; Intel Mac OS X 10_14_5) AppleWebKit/537.36 (KHTML, like Gecko) Chrome/75.0.3770.100 Safari/537.36"
111.164.42.1 - - [15/Jul/2019:08:52:29 +0000] "GET /swagger/favicon-32x32.png HTTP/1.1" 200 628 "https://uc.bytelurk.com/swagger/" "Mozilla/5.0 (Macintosh; Intel Mac OS X 10_14_5) AppleWebKit/537.36 (KHTML, like Gecko) Chrome/75.0.3770.100 Safari/537.36"
23.22.16.221 - - [15/Jul/2019:08:52:30 +0000] "GET /swaggerjson/doc.json HTTP/1.1" 200 91008 "-" "Apache-HttpClient/4.5.1 (Java/1.8.0_181)"
23.22.16.221 - - [15/Jul/2019:08:52:30 +0000] "GET /swaggerjson/doc.json HTTP/1.1" 200 91008 "-" "Apache-HttpClient/4.5.1 (Java/1.8.0_181)"
111.164.42.1 - - [15/Jul/2019:08:52:34 +0000] "GET /swagger/swagger-ui-bundle.js.map HTTP/1.1" 502 559 "-" "Mozilla/5.0 (Macintosh; Intel Mac OS X 10_14_5) AppleWebKit/537.36 (KHTML, like Gecko) Chrome/75.0.3770.100 Safari/537.36"
111.164.42.1 - - [15/Jul/2019:08:52:34 +0000] "GET /swagger/swagger-ui-standalone-preset.js.map HTTP/1.1" 502 559 "-" "Mozilla/5.0 (Macintosh; Intel Mac OS X 10_14_5) AppleWebKit/537.36 (KHTML, like Gecko) Chrome/75.0.3770.100 Safari/537.36"
111.164.42.1 - - [15/Jul/2019:08:52:34 +0000] "GET /swagger/swagger-ui.css.map HTTP/1.1" 502 559 "-" "Mozilla/5.0 (Macintosh; Intel Mac OS X 10_14_5) AppleWebKit/537.36 (KHTML, like Gecko) Chrome/75.0.3770.100 Safari/537.36"
111.164.42.1 - - [15/Jul/2019:08:52:38 +0000] "GET /swagger/ HTTP/1.1" 200 670 "-" "Mozilla/5.0 (Macintosh; Intel Mac OS X 10_14_5) AppleWebKit/537.36 (KHTML, like Gecko) Chrome/75.0.3770.100 Safari/537.36"
111.164.42.1 - - [15/Jul/2019:08:52:38 +0000] "GET /swagger/swagger-ui.css HTTP/1.1" 200 154150 "https://uc.bytelurk.com/swagger/" "Mozilla/5.0 (Macintosh; Intel Mac OS X 10_14_5) AppleWebKit/537.36 (KHTML, like Gecko) Chrome/75.0.3770.100 Safari/537.36"
111.164.42.1 - - [15/Jul/2019:08:53:01 +0000] "GET /swagger/ HTTP/1.1" 304 0 "-" "Mozilla/5.0 (Macintosh; Intel Mac OS X 10_14_5) AppleWebKit/537.36 (KHTML, like Gecko) Chrome/75.0.3770.100 Safari/537.36"
111.164.42.1 - - [15/Jul/2019:08:53:01 +0000] "GET /swagger/swagger-ui.css HTTP/1.1" 206 1 "https://uc.bytelurk.com/swagger/" "Mozilla/5.0 (Macintosh; Intel Mac OS X 10_14_5) AppleWebKit/537.36 (KHTML, like Gecko) Chrome/75.0.3770.100 Safari/537.36"
111.164.42.1 - - [15/Jul/2019:08:53:01 +0000] "GET /swagger/swagger-ui-bundle.js HTTP/1.1" 206 1 "https://uc.bytelurk.com/swagger/" "Mozilla/5.0 (Macintosh; Intel Mac OS X 10_14_5) AppleWebKit/537.36 (KHTML, like Gecko) Chrome/75.0.3770.100 Safari/537.36"
111.164.42.1 - - [15/Jul/2019:08:53:01 +0000] "GET /swagger/swagger-ui-standalone-preset.js HTTP/1.1" 206 1 "https://uc.bytelurk.com/swagger/" "Mozilla/5.0 (Macintosh; Intel Mac OS X 10_14_5) AppleWebKit/537.36 (KHTML, like Gecko) Chrome/75.0.3770.100 Safari/537.36"
111.164.42.1 - - [15/Jul/2019:08:53:01 +0000] "GET /swagger/swagger-ui.css HTTP/1.1" 206 146453 "https://uc.bytelurk.com/swagger/" "Mozilla/5.0 (Macintosh; Intel Mac OS X 10_14_5) AppleWebKit/537.36 (KHTML, like Gecko) Chrome/75.0.3770.100 Safari/537.36"
111.164.42.1 - - [15/Jul/2019:08:53:02 +0000] "GET /swagger/swagger-ui-standalone-preset.js HTTP/1.1" 206 318096 "https://uc.bytelurk.com/swagger/" "Mozilla/5.0 (Macintosh; Intel Mac OS X 10_14_5) AppleWebKit/537.36 (KHTML, like Gecko) Chrome/75.0.3770.100 Safari/537.36"
111.164.42.1 - - [15/Jul/2019:08:53:02 +0000] "GET /swagger/swagger-ui.css.map HTTP/1.1" 200 91 "-" "Mozilla/5.0 (Macintosh; Intel Mac OS X 10_14_5) AppleWebKit/537.36 (KHTML, like Gecko) Chrome/75.0.3770.100 Safari/537.36"
111.164.42.1 - - [15/Jul/2019:08:53:02 +0000] "GET /swagger/swagger-ui-bundle.js HTTP/1.1" 206 1132852 "https://uc.bytelurk.com/swagger/" "Mozilla/5.0 (Macintosh; Intel Mac OS X 10_14_5) AppleWebKit/537.36 (KHTML, like Gecko) Chrome/75.0.3770.100 Safari/537.36"
111.164.42.1 - - [15/Jul/2019:08:53:03 +0000] "GET /swaggerjson/doc.json HTTP/1.1" 200 93216 "https://uc.bytelurk.com/swagger/" "Mozilla/5.0 (Macintosh; Intel Mac OS X 10_14_5) AppleWebKit/537.36 (KHTML, like Gecko) Chrome/75.0.3770.100 Safari/537.36"
111.164.42.1 - - [15/Jul/2019:08:53:03 +0000] "GET /swagger/favicon-32x32.png HTTP/1.1" 200 628 "https://uc.bytelurk.com/swagger/" "Mozilla/5.0 (Macintosh; Intel Mac OS X 10_14_5) AppleWebKit/537.36 (KHTML, like Gecko) Chrome/75.0.3770.100 Safari/537.36"
23.22.16.221 - - [15/Jul/2019:08:53:04 +0000] "GET /swaggerjson/doc.json HTTP/1.1" 200 93216 "-" "Apache-HttpClient/4.5.1 (Java/1.8.0_181)"
111.164.42.1 - - [15/Jul/2019:08:53:06 +0000] "GET /swagger/swagger-ui-bundle.js.map HTTP/1.1" 200 5188794 "-" "Mozilla/5.0 (Macintosh; Intel Mac OS X 10_14_5) AppleWebKit/537.36 (KHTML, like Gecko) Chrome/75.0.3770.100 Safari/537.36"
111.164.42.1 - - [15/Jul/2019:08:53:06 +0000] "GET /swagger/swagger-ui-standalone-preset.js.map HTTP/1.1" 200 1504867 "-" "Mozilla/5.0 (Macintosh; Intel Mac OS X 10_14_5) AppleWebKit/537.36 (KHTML, like Gecko) Chrome/75.0.3770.100 Safari/537.36"
111.164.42.1 - - [15/Jul/2019:08:53:14 +0000] "POST /uc/v1/classify HTTP/1.1" 201 110 "https://uc.bytelurk.com/swagger/" "Mozilla/5.0 (Macintosh; Intel Mac OS X 10_14_5) AppleWebKit/537.36 (KHTML, like Gecko) Chrome/75.0.3770.100 Safari/537.36"
111.164.42.1 - - [15/Jul/2019:08:53:38 +0000] "GET /swagger/swagger-ui-bundle.js HTTP/1.1" 200 73361 "https://uc.bytelurk.com/swagger/" "Mozilla/5.0 (Macintosh; Intel Mac OS X 10_14_5) AppleWebKit/537.36 (KHTML, like Gecko) Chrome/75.0.3770.100 Safari/537.36"
111.164.42.1 - - [15/Jul/2019:08:53:38 +0000] "GET /swagger/swagger-ui-standalone-preset.js HTTP/1.1" 200 73362 "https://uc.bytelurk.com/swagger/" "Mozilla/5.0 (Macintosh; Intel Mac OS X 10_14_5) AppleWebKit/537.36 (KHTML, like Gecko) Chrome/75.0.3770.100 Safari/537.36"
117.136.54.2 - - [15/Jul/2019:08:54:07 +0000] "POST /uc/v1/classify HTTP/1.1" 400 66 "-" "SimpleGarbage/1.0 (iPhone; iOS 11.4; Scale/3.00)"
111.164.42.1 - - [15/Jul/2019:08:54:10 +0000] "POST /uc/v1/classify HTTP/1.1" 502 157 "-" "PostmanRuntime/7.15.0"
111.164.42.1 - - [15/Jul/2019:08:54:43 +0000] "POST /uc/v1/classify HTTP/1.1" 400 66 "-" "PostmanRuntime/7.15.0"
111.164.42.1 - - [15/Jul/2019:08:54:51 +0000] "POST /uc/v1/classify HTTP/1.1" 400 66 "-" "PostmanRuntime/7.15.0"
111.164.42.1 - - [15/Jul/2019:08:55:00 +0000] "POST /uc/v1/classify HTTP/1.1" 400 66 "-" "PostmanRuntime/7.15.0"
111.164.42.1 - - [15/Jul/2019:08:55:06 +0000] "POST /uc/v1/classify HTTP/1.1" 400 66 "-" "PostmanRuntime/7.15.0"
111.164.42.1 - - [15/Jul/2019:08:55:10 +0000] "POST /uc/v1/classify HTTP/1.1" 201 514 "-" "PostmanRuntime/7.15.0"
117.12.202.236 - - [15/Jul/2019:08:55:18 +0000] "GET /uc/v1/classify HTTP/1.1" 404 50 "-" "Mozilla/5.0 (Macintosh; Intel Mac OS X 10_13_6) AppleWebKit/537.36 (KHTML, like Gecko) Chrome/75.0.3770.100 Safari/537.36"
117.12.202.236 - - [15/Jul/2019:08:55:18 +0000] "GET /favicon.ico HTTP/1.1" 404 50 "https://uc.bytelurk.com/uc/v1/classify" "Mozilla/5.0 (Macintosh; Intel Mac OS X 10_13_6) AppleWebKit/537.36 (KHTML, like Gecko) Chrome/75.0.3770.100 Safari/537.36"
117.136.54.2 - - [15/Jul/2019:08:59:19 +0000] "POST /uc/v1/classify HTTP/1.1" 400 66 "-" "SimpleGarbage/1.0 (iPhone; iOS 11.4; Scale/3.00)"
111.164.42.1 - - [15/Jul/2019:09:03:06 +0000] "GET /swagger/ HTTP/1.1" 304 0 "-" "Mozilla/5.0 (Macintosh; Intel Mac OS X 10_14_5) AppleWebKit/537.36 (KHTML, like Gecko) Chrome/75.0.3770.100 Safari/537.36"
111.164.42.1 - - [15/Jul/2019:09:03:06 +0000] "GET /swagger/swagger-ui-bundle.js HTTP/1.1" 304 0 "https://uc.bytelurk.com/swagger/" "Mozilla/5.0 (Macintosh; Intel Mac OS X 10_14_5) AppleWebKit/537.36 (KHTML, like Gecko) Chrome/75.0.3770.100 Safari/537.36"
111.164.42.1 - - [15/Jul/2019:09:03:06 +0000] "GET /swagger/swagger-ui.css HTTP/1.1" 304 0 "https://uc.bytelurk.com/swagger/" "Mozilla/5.0 (Macintosh; Intel Mac OS X 10_14_5) AppleWebKit/537.36 (KHTML, like Gecko) Chrome/75.0.3770.100 Safari/537.36"
111.164.42.1 - - [15/Jul/2019:09:03:06 +0000] "GET /swagger/swagger-ui-standalone-preset.js HTTP/1.1" 304 0 "https://uc.bytelurk.com/swagger/" "Mozilla/5.0 (Macintosh; Intel Mac OS X 10_14_5) AppleWebKit/537.36 (KHTML, like Gecko) Chrome/75.0.3770.100 Safari/537.36"
111.164.42.1 - - [15/Jul/2019:09:03:07 +0000] "GET /swagger/favicon-32x32.png HTTP/1.1" 304 0 "https://uc.bytelurk.com/swagger/" "Mozilla/5.0 (Macintosh; Intel Mac OS X 10_14_5) AppleWebKit/537.36 (KHTML, like Gecko) Chrome/75.0.3770.100 Safari/537.36"
111.164.42.1 - - [15/Jul/2019:09:03:07 +0000] "GET /swaggerjson/doc.json HTTP/1.1" 200 93210 "https://uc.bytelurk.com/swagger/" "Mozilla/5.0 (Macintosh; Intel Mac OS X 10_14_5) AppleWebKit/537.36 (KHTML, like Gecko) Chrome/75.0.3770.100 Safari/537.36"
23.22.16.221 - - [15/Jul/2019:09:03:10 +0000] "GET /swaggerjson/doc.json HTTP/1.1" 200 93203 "-" "Apache-HttpClient/4.5.1 (Java/1.8.0_181)"
111.164.42.1 - - [15/Jul/2019:09:04:43 +0000] "GET /swagger/ HTTP/1.1" 304 0 "-" "Mozilla/5.0 (Macintosh; Intel Mac OS X 10_14_5) AppleWebKit/537.36 (KHTML, like Gecko) Chrome/75.0.3770.100 Safari/537.36"
111.164.42.1 - - [15/Jul/2019:09:04:43 +0000] "GET /swagger/swagger-ui.css HTTP/1.1" 304 0 "https://uc.bytelurk.com/swagger/" "Mozilla/5.0 (Macintosh; Intel Mac OS X 10_14_5) AppleWebKit/537.36 (KHTML, like Gecko) Chrome/75.0.3770.100 Safari/537.36"
111.164.42.1 - - [15/Jul/2019:09:04:43 +0000] "GET /swagger/swagger-ui-bundle.js HTTP/1.1" 304 0 "https://uc.bytelurk.com/swagger/" "Mozilla/5.0 (Macintosh; Intel Mac OS X 10_14_5) AppleWebKit/537.36 (KHTML, like Gecko) Chrome/75.0.3770.100 Safari/537.36"
111.164.42.1 - - [15/Jul/2019:09:04:43 +0000] "GET /swagger/swagger-ui-standalone-preset.js HTTP/1.1" 304 0 "https://uc.bytelurk.com/swagger/" "Mozilla/5.0 (Macintosh; Intel Mac OS X 10_14_5) AppleWebKit/537.36 (KHTML, like Gecko) Chrome/75.0.3770.100 Safari/537.36"
111.164.42.1 - - [15/Jul/2019:09:04:43 +0000] "GET /swagger/favicon-32x32.png HTTP/1.1" 304 0 "https://uc.bytelurk.com/swagger/" "Mozilla/5.0 (Macintosh; Intel Mac OS X 10_14_5) AppleWebKit/537.36 (KHTML, like Gecko) Chrome/75.0.3770.100 Safari/537.36"
111.164.42.1 - - [15/Jul/2019:09:04:43 +0000] "GET /swaggerjson/doc.json HTTP/1.1" 200 93215 "https://uc.bytelurk.com/swagger/" "Mozilla/5.0 (Macintosh; Intel Mac OS X 10_14_5) AppleWebKit/537.36 (KHTML, like Gecko) Chrome/75.0.3770.100 Safari/537.36"
23.22.16.221 - - [15/Jul/2019:09:04:45 +0000] "GET /swaggerjson/doc.json HTTP/1.1" 200 93209 "-" "Apache-HttpClient/4.5.1 (Java/1.8.0_181)"
111.164.42.1 - - [15/Jul/2019:09:04:58 +0000] "POST /uc/v1/classify HTTP/1.1" 400 514 "-" "PostmanRuntime/7.15.0"
117.136.54.2 - - [15/Jul/2019:09:10:06 +0000] "POST /uc/v1/classify HTTP/1.1" 400 514 "-" "SimpleGarbage/1.0 (iPhone; iOS 11.4; Scale/3.00)"
117.136.54.2 - - [15/Jul/2019:09:27:42 +0000] "POST /uc/v1/classify HTTP/1.1" 400 514 "-" "SimpleGarbage/1.0 (iPhone; iOS 11.4; Scale/3.00)"
117.136.54.2 - - [15/Jul/2019:09:28:30 +0000] "POST /uc/v1/classify HTTP/1.1" 400 514 "-" "SimpleGarbage/1.0 (iPhone; iOS 11.4; Scale/3.00)"
117.136.54.2 - - [15/Jul/2019:09:32:12 +0000] "POST /uc/v1/classify HTTP/1.1" 400 514 "-" "SimpleGarbage/1.0 (iPhone; iOS 11.4; Scale/3.00)"
117.136.54.2 - - [15/Jul/2019:09:32:36 +0000] "POST /uc/v1/classify HTTP/1.1" 400 514 "-" "SimpleGarbage/1.0 (iPhone; iOS 11.4; Scale/3.00)"
117.136.54.2 - - [15/Jul/2019:09:32:57 +0000] "POST /uc/v1/classify HTTP/1.1" 400 514 "-" "SimpleGarbage/1.0 (iPhone; iOS 11.4; Scale/3.00)"
117.136.54.2 - - [15/Jul/2019:09:33:00 +0000] "POST /uc/v1/classify HTTP/1.1" 400 514 "-" "SimpleGarbage/1.0 (iPhone; iOS 11.4; Scale/3.00)"
117.136.54.2 - - [15/Jul/2019:09:35:16 +0000] "POST /uc/v1/classify HTTP/1.1" 400 514 "-" "SimpleGarbage/1.0 (iPhone; iOS 11.4; Scale/3.00)"
117.136.54.2 - - [15/Jul/2019:09:35:54 +0000] "POST /uc/v1/classify HTTP/1.1" 400 514 "-" "SimpleGarbage/1.0 (iPhone; iOS 11.4; Scale/3.00)"
117.136.54.2 - - [15/Jul/2019:09:38:50 +0000] "POST /uc/v1/classify HTTP/1.1" 400 514 "-" "SimpleGarbage/1.0 (iPhone; iOS 11.4; Scale/3.00)"
117.136.54.2 - - [15/Jul/2019:09:38:58 +0000] "POST /uc/v1/classify HTTP/1.1" 400 514 "-" "SimpleGarbage/1.0 (iPhone; iOS 11.4; Scale/3.00)"
117.136.54.2 - - [15/Jul/2019:09:40:01 +0000] "POST /uc/v1/classify HTTP/1.1" 400 514 "-" "SimpleGarbage/1.0 (iPhone; iOS 11.4; Scale/3.00)"
117.136.54.2 - - [15/Jul/2019:09:40:19 +0000] "POST /uc/v1/classify HTTP/1.1" 400 514 "-" "SimpleGarbage/1.0 (iPhone; iOS 11.4; Scale/3.00)"
117.136.54.2 - - [15/Jul/2019:09:40:55 +0000] "POST /uc/v1/classify HTTP/1.1" 400 514 "-" "SimpleGarbage/1.0 (iPhone; iOS 11.4; Scale/3.00)"
117.136.54.2 - - [15/Jul/2019:09:42:06 +0000] "POST /uc/v1/classify HTTP/1.1" 400 514 "-" "SimpleGarbage/1.0 (iPhone; iOS 11.4; Scale/3.00)"
117.136.54.2 - - [15/Jul/2019:09:42:50 +0000] "POST /uc/v1/classify HTTP/1.1" 400 514 "-" "SimpleGarbage/1.0 (iPhone; iOS 11.4; Scale/3.00)"
117.136.54.2 - - [15/Jul/2019:09:43:08 +0000] "POST /uc/v1/classify HTTP/1.1" 400 514 "-" "SimpleGarbage/1.0 (iPhone; iOS 11.4; Scale/3.00)"
117.136.54.2 - - [15/Jul/2019:09:43:21 +0000] "POST /uc/v1/classify HTTP/1.1" 400 514 "-" "SimpleGarbage/1.0 (iPhone; iOS 11.4; Scale/3.00)"
111.164.42.1 - - [15/Jul/2019:10:48:29 +0000] "GET /swagger/ HTTP/1.1" 200 670 "-" "Mozilla/5.0 (Macintosh; Intel Mac OS X 10_14_5) AppleWebKit/537.36 (KHTML, like Gecko) Chrome/75.0.3770.100 Safari/537.36"
111.164.42.1 - - [15/Jul/2019:10:48:29 +0000] "GET /swagger/swagger-ui.css HTTP/1.1" 200 154150 "https://uc.bytelurk.com/swagger/" "Mozilla/5.0 (Macintosh; Intel Mac OS X 10_14_5) AppleWebKit/537.36 (KHTML, like Gecko) Chrome/75.0.3770.100 Safari/537.36"
111.164.42.1 - - [15/Jul/2019:10:48:29 +0000] "GET /swagger/swagger-ui-standalone-preset.js HTTP/1.1" 200 337186 "https://uc.bytelurk.com/swagger/" "Mozilla/5.0 (Macintosh; Intel Mac OS X 10_14_5) AppleWebKit/537.36 (KHTML, like Gecko) Chrome/75.0.3770.100 Safari/537.36"
111.164.42.1 - - [15/Jul/2019:10:48:30 +0000] "GET /swagger/swagger-ui-bundle.js HTTP/1.1" 200 1152837 "https://uc.bytelurk.com/swagger/" "Mozilla/5.0 (Macintosh; Intel Mac OS X 10_14_5) AppleWebKit/537.36 (KHTML, like Gecko) Chrome/75.0.3770.100 Safari/537.36"
111.164.42.1 - - [15/Jul/2019:10:48:31 +0000] "GET /swagger/favicon-32x32.png HTTP/1.1" 200 628 "https://uc.bytelurk.com/swagger/" "Mozilla/5.0 (Macintosh; Intel Mac OS X 10_14_5) AppleWebKit/537.36 (KHTML, like Gecko) Chrome/75.0.3770.100 Safari/537.36"
111.164.42.1 - - [15/Jul/2019:10:48:31 +0000] "GET /swaggerjson/doc.json HTTP/1.1" 200 93215 "https://uc.bytelurk.com/swagger/" "Mozilla/5.0 (Macintosh; Intel Mac OS X 10_14_5) AppleWebKit/537.36 (KHTML, like Gecko) Chrome/75.0.3770.100 Safari/537.36"
23.22.16.221 - - [15/Jul/2019:10:48:33 +0000] "GET /swaggerjson/doc.json HTTP/1.1" 200 93215 "-" "Apache-HttpClient/4.5.1 (Java/1.8.0_181)"
111.164.42.1 - - [15/Jul/2019:10:48:43 +0000] "POST /uc/v1/classify HTTP/1.1" 201 110 "https://uc.bytelurk.com/swagger/" "Mozilla/5.0 (Macintosh; Intel Mac OS X 10_14_5) AppleWebKit/537.36 (KHTML, like Gecko) Chrome/75.0.3770.100 Safari/537.36"
111.164.42.1 - - [15/Jul/2019:10:48:46 +0000] "POST /uc/v1/classify HTTP/1.1" 201 514 "https://uc.bytelurk.com/swagger/" "Mozilla/5.0 (Macintosh; Intel Mac OS X 10_14_5) AppleWebKit/537.36 (KHTML, like Gecko) Chrome/75.0.3770.100 Safari/537.36"
111.164.42.1 - - [15/Jul/2019:10:52:47 +0000] "OPTIONS /uc/v1/classify_update HTTP/1.1" 204 0 "http://localhost:8990/swagger/" "Mozilla/5.0 (Macintosh; Intel Mac OS X 10_14_5) AppleWebKit/537.36 (KHTML, like Gecko) Chrome/75.0.3770.100 Safari/537.36"
218.68.220.229 - - [15/Jul/2019:14:24:45 +0000] "GET /uc/v1/oss/upload_call_back HTTP/1.1" 404 50 "http://uc.bytelurk.com/uc/v1/oss/upload_call_back" "PostmanRuntime/7.15.0"
218.68.220.229 - - [15/Jul/2019:14:24:51 +0000] "GET /uc/v1/oss/upload_call_back HTTP/1.1" 404 50 "http://uc.bytelurk.com/uc/v1/oss/upload_call_back" "PostmanRuntime/7.15.0"
218.68.220.229 - - [15/Jul/2019:14:24:55 +0000] "GET /uc/v1/oss/upload_call_back HTTP/1.1" 404 50 "-" "Mozilla/5.0 (Macintosh; Intel Mac OS X 10_14_5) AppleWebKit/537.36 (KHTML, like Gecko) Chrome/75.0.3770.100 Safari/537.36"
218.68.220.229 - - [15/Jul/2019:14:24:56 +0000] "GET /favicon.ico HTTP/1.1" 404 50 "https://uc.bytelurk.com/uc/v1/oss/upload_call_back" "Mozilla/5.0 (Macintosh; Intel Mac OS X 10_14_5) AppleWebKit/537.36 (KHTML, like Gecko) Chrome/75.0.3770.100 Safari/537.36"
218.68.220.229 - - [15/Jul/2019:14:25:30 +0000] "GET /uc/v1/oss/upload_call_back HTTP/1.1" 404 50 "-" "Mozilla/5.0 (Macintosh; Intel Mac OS X 10_14_5) AppleWebKit/537.36 (KHTML, like Gecko) Chrome/75.0.3770.100 Safari/537.36"
218.68.220.229 - - [15/Jul/2019:14:26:11 +0000] "GET /uc/v1/oss/upload_call_back HTTP/1.1" 404 50 "http://uc.bytelurk.com/uc/v1/oss/upload_call_back" "PostmanRuntime/7.15.0"
218.68.220.229 - - [15/Jul/2019:14:31:36 +0000] "GET /swagger/ HTTP/1.1" 304 0 "-" "Mozilla/5.0 (Macintosh; Intel Mac OS X 10_14_5) AppleWebKit/537.36 (KHTML, like Gecko) Chrome/75.0.3770.100 Safari/537.36"
218.68.220.229 - - [15/Jul/2019:14:31:36 +0000] "GET /swagger/swagger-ui.css HTTP/1.1" 304 0 "https://uc.bytelurk.com/swagger/" "Mozilla/5.0 (Macintosh; Intel Mac OS X 10_14_5) AppleWebKit/537.36 (KHTML, like Gecko) Chrome/75.0.3770.100 Safari/537.36"
